// Vitest Snapshot v1, https://vitest.dev/guide/snapshot.html

exports[`24 Auto encounters are deterministic and end without stalemate or orphan terrain 1`] = `
[
  {
    "healing": 1143,
    "kills": 17,
    "seed": 803,
    "timelineHash": "bf3ce684b0ea7b1c34744ca35b2787862df4fbdbe4adb2eda08e1cd1483d9d6c",
    "turns": [
      26,
      36,
      46,
      87,
    ],
    "victory": true,
    "wave": true,
    "xp": 3760,
  },
  {
    "healing": 1524,
    "kills": 17,
    "seed": 803,
    "timelineHash": "580faec377818bb70ba00b002d1602b3015280db73aca156baeddca11dceb5fc",
    "turns": [
      24,
      28,
      53,
      84,
    ],
    "victory": true,
    "wave": false,
    "xp": 3760,
  },
  {
    "healing": 1137,
    "kills": 17,
    "seed": 804,
    "timelineHash": "28670571b49a69189051f21128f1d1bbc9c4c67d03d91076d405eaa853642ec7",
    "turns": [
      26,
      30,
      46,
      87,
    ],
    "victory": true,
    "wave": true,
    "xp": 3760,
  },
  {
    "healing": 1524,
    "kills": 17,
    "seed": 804,
    "timelineHash": "c6454e5d4d583342afaffbc61b0c56eaf795fb1974f70cd7a27710c7d3a8cc2f",
    "turns": [
      24,
      28,
      51,
      83,
    ],
    "victory": true,
    "wave": false,
    "xp": 3760,
  },
  {
    "healing": 762,
    "kills": 17,
    "seed": 805,
    "timelineHash": "bee02da89fddb9f798c305c2bcf0d9a95266cf6faab640ccf145057a8e0bf73c",
    "turns": [
      30,
      28,
      39,
      72,
    ],
    "victory": true,
    "wave": true,
    "xp": 3760,
  },
  {
    "healing": 1512,
    "kills": 17,
    "seed": 805,
    "timelineHash": "7966ae0e9e726c2fed42d93da2f671da4d15e5c05d035b3be581afeee56f22da",
    "turns": [
      26,
      30,
      54,
      74,
    ],
    "victory": true,
    "wave": false,
    "xp": 3760,
  },
  {
    "healing": 1143,
    "kills": 17,
    "seed": 806,
    "timelineHash": "75538948a4f06adadb97da1c9ab71a9a179c937e021e1fd7aff776ecc6c2c1f4",
    "turns": [
      22,
      24,
      42,
      74,
    ],
    "victory": true,
    "wave": true,
    "xp": 3760,
  },
  {
    "healing": 1143,
    "kills": 17,
    "seed": 806,
    "timelineHash": "825a5ff4f78b6c763f6331453815ac2d2bc650153c430737909b2a6111fee173",
    "turns": [
      19,
      42,
      51,
      76,
    ],
    "victory": true,
    "wave": false,
    "xp": 3760,
  },
  {
    "healing": 1518,
    "kills": 17,
    "seed": 807,
    "timelineHash": "c629c97601111358638f3d63d47c456eef509a455322d24029936f7e1e1d77a2",
    "turns": [
      23,
      30,
      48,
      85,
    ],
    "victory": true,
    "wave": true,
    "xp": 3760,
  },
  {
    "healing": 1143,
    "kills": 17,
    "seed": 807,
    "timelineHash": "e9a79d7decd55946f032ac8ec799a4f9844f694c0ccac500773414959dfc2a5b",
    "turns": [
      26,
      28,
      54,
      72,
    ],
    "victory": true,
    "wave": false,
    "xp": 3760,
  },
  {
    "healing": 1517,
    "kills": 17,
    "seed": 808,
    "timelineHash": "e100dbc35b3cc5d1b0f1100c04959651ba1e64c1472cd02eee544d1e3176b378",
    "turns": [
      24,
      30,
      54,
      66,
    ],
    "victory": true,
    "wave": true,
    "xp": 3760,
  },
  {
    "healing": 1143,
    "kills": 17,
    "seed": 808,
    "timelineHash": "a1b889be644373dd6455486f3f0a00b11462ed06c57379ddd9e3516ea495f9ac",
    "turns": [
      24,
      28,
      54,
      84,
    ],
    "victory": true,
    "wave": false,
    "xp": 3760,
  },
  {
    "healing": 1905,
    "kills": 17,
    "seed": 809,
    "timelineHash": "512460eebe89c5d9aa596ac348b58397f96962f21640fae42cea3b95c5b34b01",
    "turns": [
      24,
      26,
      56,
      71,
    ],
    "victory": true,
    "wave": true,
    "xp": 3760,
  },
  {
    "healing": 1524,
    "kills": 17,
    "seed": 809,
    "timelineHash": "d5c8258781f2f7ac0b78fb206d5cad8d2ffd50cec4c4888398b5ca838f785f17",
    "turns": [
      24,
      28,
      48,
      84,
    ],
    "victory": true,
    "wave": false,
    "xp": 3760,
  },
  {
    "healing": 1518,
    "kills": 17,
    "seed": 810,
    "timelineHash": "d8cb5cd692ca6854899e6f8a377019b1f620118a7ec533e68597f1e13882dbeb",
    "turns": [
      23,
      26,
      47,
      79,
    ],
    "victory": true,
    "wave": true,
    "xp": 3760,
  },
  {
    "healing": 1143,
    "kills": 17,
    "seed": 810,
    "timelineHash": "f4448ba77641884b5be0b33aabf0bb1b3eb3e6ad1bae122bd59095915205c8c2",
    "turns": [
      24,
      28,
      50,
      84,
    ],
    "victory": true,
    "wave": false,
    "xp": 3760,
  },
  {
    "healing": 1499,
    "kills": 17,
    "seed": 811,
    "timelineHash": "0d200648ef7b3ffa630bfc7fd2700ad740d3375d233b6e2b5a89072f2e881b80",
    "turns": [
      24,
      27,
      46,
      81,
    ],
    "victory": true,
    "wave": true,
    "xp": 3760,
  },
  {
    "healing": 762,
    "kills": 17,
    "seed": 811,
    "timelineHash": "f945b6d4ac6e293187d8ea9296543a8239a6de990840fd91d1b070d1fae05718",
    "turns": [
      24,
      36,
      54,
      78,
    ],
    "victory": true,
    "wave": false,
    "xp": 3760,
  },
  {
    "healing": 1131,
    "kills": 17,
    "seed": 812,
    "timelineHash": "33dcc6332a8c36b98570308510bba97c51a9b24676034a4ee8bd2a53d0e4b303",
    "turns": [
      26,
      30,
      40,
      76,
    ],
    "victory": true,
    "wave": true,
    "xp": 3760,
  },
  {
    "healing": 1143,
    "kills": 17,
    "seed": 812,
    "timelineHash": "1fe70295d98510c9253f1565edf1fcbde0d7d4f40bfc9369e71063da9efb277d",
    "turns": [
      26,
      30,
      51,
      82,
    ],
    "victory": true,
    "wave": false,
    "xp": 3760,
  },
  {
    "healing": 1524,
    "kills": 17,
    "seed": 813,
    "timelineHash": "e7ba6f136c1ee159cb466c85de3051548be20f3a845273f9810f62b9d13a1bca",
    "turns": [
      24,
      30,
      47,
      80,
    ],
    "victory": true,
    "wave": true,
    "xp": 3760,
  },
  {
    "healing": 1143,
    "kills": 17,
    "seed": 813,
    "timelineHash": "a335ccce11e83cc7dafd71b533d109a943c0094abb5d26a8e863334010792caa",
    "turns": [
      24,
      28,
      50,
      78,
    ],
    "victory": true,
    "wave": false,
    "xp": 3760,
  },
  {
    "healing": 1518,
    "kills": 17,
    "seed": 814,
    "timelineHash": "81703a127f42792d884aa1cba8bb1926951984062c2d32b4e17a319818d3c818",
    "turns": [
      23,
      30,
      54,
      66,
    ],
    "victory": true,
    "wave": true,
    "xp": 3760,
  },
  {
    "healing": 1143,
    "kills": 17,
    "seed": 814,
    "timelineHash": "9144afd1aa82fbfddd5464fbf61e646aaf81e601314a1557e0e83bedc0924cc1",
    "turns": [
      20,
      24,
      52,
      76,
    ],
    "victory": true,
    "wave": false,
    "xp": 3760,
  },
]
`;
